[build_flash] IDF_PATH not set; sourcing tools\ftmcs_env.bat
[managed-patches] tinyusb-uvc-recovery.patch already applied
[managed-patches] esp32-camera-frame-safety.patch already applied
===== build (unified image) =====
Executing action: reconfigure
Running cmake in directory E:\Projects\wireless-ir-mocap\firmware\ftm_clocksync\build-perf
Executing "cmake -G Ninja -DPYTHON_DEPS_CHECKED=1 -DPYTHON=C:\Users\raisa\.espressif\python_env\idf5.5_py3.12_env\Scripts\python.exe -DESP_PLATFORM=1 -DSDKCONFIG=sdkconfig -DSDKCONFIG_DEFAULTS=sdkconfig.defaults -DIDF_TARGET=esp32s3 -DCCACHE_ENABLE=0 E:\Projects\wireless-ir-mocap\firmware\ftm_clocksync"...
-- Component directory C:/tmp/esp-idf-5.5.1/components/esp_blockdev does not contain a CMakeLists.txt file. No component will be added
CMake Warning at C:/tmp/esp-idf-5.5.1/tools/cmake/git_submodules.cmake:52 (message):
  Git submodule components/bt/controller/lib_esp32 is out of date.  Run the
  following command to fix: git submodule update --init --recursive
Call Stack (most recent call first):
  C:/tmp/esp-idf-5.5.1/tools/cmake/build.cmake:111 (git_submodule_check)
  C:/tmp/esp-idf-5.5.1/tools/cmake/build.cmake:286 (__build_get_idf_git_revision)
  C:/tmp/esp-idf-5.5.1/tools/cmake/idf.cmake:55 (__build_init)
  C:/tmp/esp-idf-5.5.1/tools/cmake/project.cmake:29 (include)
  CMakeLists.txt:9 (include)


CMake Warning at C:/tmp/esp-idf-5.5.1/tools/cmake/git_submodules.cmake:52 (message):
  Git submodule components/bt/controller/lib_esp32c2/esp32c2-bt-lib is out of
  date.  Run the following command to fix: git submodule update --init
  --recursive
Call Stack (most recent call first):
  C:/tmp/esp-idf-5.5.1/tools/cmake/build.cmake:111 (git_submodule_check)
  C:/tmp/esp-idf-5.5.1/tools/cmake/build.cmake:286 (__build_get_idf_git_revision)
  C:/tmp/esp-idf-5.5.1/tools/cmake/idf.cmake:55 (__build_init)
  C:/tmp/esp-idf-5.5.1/tools/cmake/project.cmake:29 (include)
  CMakeLists.txt:9 (include)


CMake Warning at C:/tmp/esp-idf-5.5.1/tools/cmake/git_submodules.cmake:52 (message):
  Git submodule components/bt/controller/lib_esp32c3_family is out of date.
  Run the following command to fix: git submodule update --init --recursive
Call Stack (most recent call first):
  C:/tmp/esp-idf-5.5.1/tools/cmake/build.cmake:111 (git_submodule_check)
  C:/tmp/esp-idf-5.5.1/tools/cmake/build.cmake:286 (__build_get_idf_git_revision)
  C:/tmp/esp-idf-5.5.1/tools/cmake/idf.cmake:55 (__build_init)
  C:/tmp/esp-idf-5.5.1/tools/cmake/project.cmake:29 (include)
  CMakeLists.txt:9 (include)


CMake Warning at C:/tmp/esp-idf-5.5.1/tools/cmake/git_submodules.cmake:52 (message):
  Git submodule components/bt/controller/lib_esp32c5/esp32c5-bt-lib is out of
  date.  Run the following command to fix: git submodule update --init
  --recursive
Call Stack (most recent call first):
  C:/tmp/esp-idf-5.5.1/tools/cmake/build.cmake:111 (git_submodule_check)
  C:/tmp/esp-idf-5.5.1/tools/cmake/build.cmake:286 (__build_get_idf_git_revision)
  C:/tmp/esp-idf-5.5.1/tools/cmake/idf.cmake:55 (__build_init)
  C:/tmp/esp-idf-5.5.1/tools/cmake/project.cmake:29 (include)
  CMakeLists.txt:9 (include)


CMake Warning at C:/tmp/esp-idf-5.5.1/tools/cmake/git_submodules.cmake:52 (message):
  Git submodule components/bt/controller/lib_esp32c6/esp32c6-bt-lib is out of
  date.  Run the following command to fix: git submodule update --init
  --recursive
Call Stack (most recent call first):
  C:/tmp/esp-idf-5.5.1/tools/cmake/build.cmake:111 (git_submodule_check)
  C:/tmp/esp-idf-5.5.1/tools/cmake/build.cmake:286 (__build_get_idf_git_revision)
  C:/tmp/esp-idf-5.5.1/tools/cmake/idf.cmake:55 (__build_init)
  C:/tmp/esp-idf-5.5.1/tools/cmake/project.cmake:29 (include)
  CMakeLists.txt:9 (include)


CMake Warning at C:/tmp/esp-idf-5.5.1/tools/cmake/git_submodules.cmake:52 (message):
  Git submodule components/bt/controller/lib_esp32h2/esp32h2-bt-lib is out of
  date.  Run the following command to fix: git submodule update --init
  --recursive
Call Stack (most recent call first):
  C:/tmp/esp-idf-5.5.1/tools/cmake/build.cmake:111 (git_submodule_check)
  C:/tmp/esp-idf-5.5.1/tools/cmake/build.cmake:286 (__build_get_idf_git_revision)
  C:/tmp/esp-idf-5.5.1/tools/cmake/idf.cmake:55 (__build_init)
  C:/tmp/esp-idf-5.5.1/tools/cmake/project.cmake:29 (include)
  CMakeLists.txt:9 (include)


CMake Warning at C:/tmp/esp-idf-5.5.1/tools/cmake/git_submodules.cmake:52 (message):
  Git submodule components/bt/esp_ble_mesh/lib/lib is out of date.  Run the
  following command to fix: git submodule update --init --recursive
Call Stack (most recent call first):
  C:/tmp/esp-idf-5.5.1/tools/cmake/build.cmake:111 (git_submodule_check)
  C:/tmp/esp-idf-5.5.1/tools/cmake/build.cmake:286 (__build_get_idf_git_revision)
  C:/tmp/esp-idf-5.5.1/tools/cmake/idf.cmake:55 (__build_init)
  C:/tmp/esp-idf-5.5.1/tools/cmake/project.cmake:29 (include)
  CMakeLists.txt:9 (include)


CMake Warning at C:/tmp/esp-idf-5.5.1/tools/cmake/git_submodules.cmake:52 (message):
  Git submodule components/bt/host/nimble/nimble is out of date.  Run the
  following command to fix: git submodule update --init --recursive
Call Stack (most recent call first):
  C:/tmp/esp-idf-5.5.1/tools/cmake/build.cmake:111 (git_submodule_check)
  C:/tmp/esp-idf-5.5.1/tools/cmake/build.cmake:286 (__build_get_idf_git_revision)
  C:/tmp/esp-idf-5.5.1/tools/cmake/idf.cmake:55 (__build_init)
  C:/tmp/esp-idf-5.5.1/tools/cmake/project.cmake:29 (include)
  CMakeLists.txt:9 (include)


CMake Warning at C:/tmp/esp-idf-5.5.1/tools/cmake/git_submodules.cmake:52 (message):
  Git submodule components/json/cJSON is out of date.  Run the following
  command to fix: git submodule update --init --recursive
Call Stack (most recent call first):
  C:/tmp/esp-idf-5.5.1/tools/cmake/build.cmake:111 (git_submodule_check)
  C:/tmp/esp-idf-5.5.1/tools/cmake/build.cmake:286 (__build_get_idf_git_revision)
  C:/tmp/esp-idf-5.5.1/tools/cmake/idf.cmake:55 (__build_init)
  C:/tmp/esp-idf-5.5.1/tools/cmake/project.cmake:29 (include)
  CMakeLists.txt:9 (include)


CMake Warning at C:/tmp/esp-idf-5.5.1/tools/cmake/git_submodules.cmake:52 (message):
  Git submodule components/lwip/lwip is out of date.  Run the following
  command to fix: git submodule update --init --recursive
Call Stack (most recent call first):
  C:/tmp/esp-idf-5.5.1/tools/cmake/build.cmake:111 (git_submodule_check)
  C:/tmp/esp-idf-5.5.1/tools/cmake/build.cmake:286 (__build_get_idf_git_revision)
  C:/tmp/esp-idf-5.5.1/tools/cmake/idf.cmake:55 (__build_init)
  C:/tmp/esp-idf-5.5.1/tools/cmake/project.cmake:29 (include)
  CMakeLists.txt:9 (include)


CMake Warning at C:/tmp/esp-idf-5.5.1/tools/cmake/git_submodules.cmake:52 (message):
  Git submodule components/mbedtls/mbedtls is out of date.  Run the following
  command to fix: git submodule update --init --recursive
Call Stack (most recent call first):
  C:/tmp/esp-idf-5.5.1/tools/cmake/build.cmake:111 (git_submodule_check)
  C:/tmp/esp-idf-5.5.1/tools/cmake/build.cmake:286 (__build_get_idf_git_revision)
  C:/tmp/esp-idf-5.5.1/tools/cmake/idf.cmake:55 (__build_init)
  C:/tmp/esp-idf-5.5.1/tools/cmake/project.cmake:29 (include)
  CMakeLists.txt:9 (include)


CMake Warning at C:/tmp/esp-idf-5.5.1/tools/cmake/git_submodules.cmake:52 (message):
  Git submodule components/mqtt/esp-mqtt is out of date.  Run the following
  command to fix: git submodule update --init --recursive
Call Stack (most recent call first):
  C:/tmp/esp-idf-5.5.1/tools/cmake/build.cmake:111 (git_submodule_check)
  C:/tmp/esp-idf-5.5.1/tools/cmake/build.cmake:286 (__build_get_idf_git_revision)
  C:/tmp/esp-idf-5.5.1/tools/cmake/idf.cmake:55 (__build_init)
  C:/tmp/esp-idf-5.5.1/tools/cmake/project.cmake:29 (include)
  CMakeLists.txt:9 (include)


CMake Warning at C:/tmp/esp-idf-5.5.1/tools/cmake/git_submodules.cmake:52 (message):
  Git submodule components/openthread/lib is out of date.  Run the following
  command to fix: git submodule update --init --recursive
Call Stack (most recent call first):
  C:/tmp/esp-idf-5.5.1/tools/cmake/build.cmake:111 (git_submodule_check)
  C:/tmp/esp-idf-5.5.1/tools/cmake/build.cmake:286 (__build_get_idf_git_revision)
  C:/tmp/esp-idf-5.5.1/tools/cmake/idf.cmake:55 (__build_init)
  C:/tmp/esp-idf-5.5.1/tools/cmake/project.cmake:29 (include)
  CMakeLists.txt:9 (include)


CMake Warning at C:/tmp/esp-idf-5.5.1/tools/cmake/git_submodules.cmake:52 (message):
  Git submodule components/openthread/openthread is out of date.  Run the
  following command to fix: git submodule update --init --recursive
Call Stack (most recent call first):
  C:/tmp/esp-idf-5.5.1/tools/cmake/build.cmake:111 (git_submodule_check)
  C:/tmp/esp-idf-5.5.1/tools/cmake/build.cmake:286 (__build_get_idf_git_revision)
  C:/tmp/esp-idf-5.5.1/tools/cmake/idf.cmake:55 (__build_init)
  C:/tmp/esp-idf-5.5.1/tools/cmake/project.cmake:29 (include)
  CMakeLists.txt:9 (include)


CMake Warning at C:/tmp/esp-idf-5.5.1/tools/cmake/git_submodules.cmake:52 (message):
  Git submodule components/spiffs/spiffs is out of date.  Run the following
  command to fix: git submodule update --init --recursive
Call Stack (most recent call first):
  C:/tmp/esp-idf-5.5.1/tools/cmake/build.cmake:111 (git_submodule_check)
  C:/tmp/esp-idf-5.5.1/tools/cmake/build.cmake:286 (__build_get_idf_git_revision)
  C:/tmp/esp-idf-5.5.1/tools/cmake/idf.cmake:55 (__build_init)
  C:/tmp/esp-idf-5.5.1/tools/cmake/project.cmake:29 (include)
  CMakeLists.txt:9 (include)


-- Minimal build - OFF
-- Building ESP-IDF components for target esp32s3
NOTICE: Processing 5 dependencies:

NOTICE: [1/5] espressif/cmake_utilities (1.1.1)

NOTICE: [2/5] espressif/esp32-camera (2.1.7)

NOTICE: [3/5] espressif/esp_jpeg (1.3.1)

NOTICE: [4/5] espressif/tinyusb (0.19.0~3)

NOTICE: [5/5] idf (5.5.5)

-- ESP-TEE is currently supported only on the esp32c6;esp32h2;esp32c5 SoCs
-- Project sdkconfig file E:/Projects/wireless-ir-mocap/firmware/ftm_clocksync/sdkconfig
Loading defaults file E:/Projects/wireless-ir-mocap/firmware/ftm_clocksync/sdkconfig.defaults...

-- Compiler supported targets: xtensa-esp-elf
-- Detecting C compiler ABI info
-- Detecting C compiler ABI info - done
-- Detecting CXX compiler ABI info
-- Detecting CXX compiler ABI info - done
-- Detecting C compiler ABI info
-- Detecting C compiler ABI info - done
-- Detecting CXX compiler ABI info
-- Detecting CXX compiler ABI info - done
-- USING O3
-- App "ftm_clocksync" version: c67ae5c-dirty
-- Adding linker script E:/Projects/wireless-ir-mocap/firmware/ftm_clocksync/build-perf/esp-idf/esp_system/ld/memory.ld
-- Adding linker script E:/Projects/wireless-ir-mocap/firmware/ftm_clocksync/build-perf/esp-idf/esp_system/ld/sections.ld.in
-- Adding linker script C:/tmp/esp-idf-5.5.1/components/esp_rom/esp32s3/ld/esp32s3.rom.ld
-- Adding linker script C:/tmp/esp-idf-5.5.1/components/esp_rom/esp32s3/ld/esp32s3.rom.api.ld
-- Adding linker script C:/tmp/esp-idf-5.5.1/components/esp_rom/esp32s3/ld/esp32s3.rom.bt_funcs.ld
-- Adding linker script C:/tmp/esp-idf-5.5.1/components/esp_rom/esp32s3/ld/esp32s3.rom.libgcc.ld
-- Adding linker script C:/tmp/esp-idf-5.5.1/components/esp_rom/esp32s3/ld/esp32s3.rom.wdt.ld
-- Adding linker script C:/tmp/esp-idf-5.5.1/components/esp_rom/esp32s3/ld/esp32s3.rom.version.ld
-- Adding linker script C:/tmp/esp-idf-5.5.1/components/esp_rom/esp32s3/ld/esp32s3.rom.ble_master.ld
-- Adding linker script C:/tmp/esp-idf-5.5.1/components/esp_rom/esp32s3/ld/esp32s3.rom.ble_50.ld
-- Adding linker script C:/tmp/esp-idf-5.5.1/components/esp_rom/esp32s3/ld/esp32s3.rom.ble_smp.ld
-- Adding linker script C:/tmp/esp-idf-5.5.1/components/esp_rom/esp32s3/ld/esp32s3.rom.ble_dtm.ld
-- Adding linker script C:/tmp/esp-idf-5.5.1/components/esp_rom/esp32s3/ld/esp32s3.rom.ble_test.ld
-- Adding linker script C:/tmp/esp-idf-5.5.1/components/esp_rom/esp32s3/ld/esp32s3.rom.ble_scan.ld
-- Adding linker script C:/tmp/esp-idf-5.5.1/components/esp_rom/esp32s3/ld/esp32s3.rom.libc.ld
-- Adding linker script C:/tmp/esp-idf-5.5.1/components/esp_rom/esp32s3/ld/esp32s3.rom.newlib.ld
-- Adding linker script C:/tmp/esp-idf-5.5.1/components/soc/esp32s3/ld/esp32s3.peripherals.ld
-- USB_DEVICE_UVC: 1.3.1
-- Components: app_trace app_update bootloader bootloader_support bt cmock console cxx driver efuse esp-tls esp_adc esp_app_format esp_bootloader_format esp_coex esp_common esp_driver_ana_cmpr esp_driver_bitscrambler esp_driver_cam esp_driver_dac esp_driver_gpio esp_driver_gptimer esp_driver_i2c esp_driver_i2s esp_driver_isp esp_driver_jpeg esp_driver_ledc esp_driver_mcpwm esp_driver_parlio esp_driver_pcnt esp_driver_ppa esp_driver_rmt esp_driver_sdio esp_driver_sdm esp_driver_sdmmc esp_driver_sdspi esp_driver_spi esp_driver_touch_sens esp_driver_tsens esp_driver_twai esp_driver_uart esp_driver_usb_serial_jtag esp_eth esp_event esp_gdbstub esp_hal_ieee802154 esp_hid esp_http_client esp_http_server esp_https_ota esp_https_server esp_hw_support esp_lcd esp_local_ctrl esp_mm esp_netif esp_netif_stack esp_partition esp_phy esp_pm esp_psram esp_ringbuf esp_rom esp_security esp_system esp_timer esp_vfs_console esp_wifi espcoredump espressif__cmake_utilities espressif__esp32-camera espressif__esp_jpeg espressif__tinyusb esptool_py fatfs freertos hal heap http_parser idf_test ieee802154 json log lwip main mbedtls mqtt newlib nvs_flash nvs_sec_provider openthread partition_table perfmon protobuf-c protocomm pthread rt sdmmc soc spi_flash spiffs tcp_transport touch_element ulp unity usb usb_device_uvc vfs wear_levelling wifi_provisioning wpa_supplicant xtensa
-- Component paths: C:/tmp/esp-idf-5.5.1/components/app_trace C:/tmp/esp-idf-5.5.1/components/app_update C:/tmp/esp-idf-5.5.1/components/bootloader C:/tmp/esp-idf-5.5.1/components/bootloader_support C:/tmp/esp-idf-5.5.1/components/bt C:/tmp/esp-idf-5.5.1/components/cmock C:/tmp/esp-idf-5.5.1/components/console C:/tmp/esp-idf-5.5.1/components/cxx C:/tmp/esp-idf-5.5.1/components/driver C:/tmp/esp-idf-5.5.1/components/efuse C:/tmp/esp-idf-5.5.1/components/esp-tls C:/tmp/esp-idf-5.5.1/components/esp_adc C:/tmp/esp-idf-5.5.1/components/esp_app_format C:/tmp/esp-idf-5.5.1/components/esp_bootloader_format C:/tmp/esp-idf-5.5.1/components/esp_coex C:/tmp/esp-idf-5.5.1/components/esp_common C:/tmp/esp-idf-5.5.1/components/esp_driver_ana_cmpr C:/tmp/esp-idf-5.5.1/components/esp_driver_bitscrambler C:/tmp/esp-idf-5.5.1/components/esp_driver_cam C:/tmp/esp-idf-5.5.1/components/esp_driver_dac C:/tmp/esp-idf-5.5.1/components/esp_driver_gpio C:/tmp/esp-idf-5.5.1/components/esp_driver_gptimer C:/tmp/esp-idf-5.5.1/components/esp_driver_i2c C:/tmp/esp-idf-5.5.1/components/esp_driver_i2s C:/tmp/esp-idf-5.5.1/components/esp_driver_isp C:/tmp/esp-idf-5.5.1/components/esp_driver_jpeg C:/tmp/esp-idf-5.5.1/components/esp_driver_ledc C:/tmp/esp-idf-5.5.1/components/esp_driver_mcpwm C:/tmp/esp-idf-5.5.1/components/esp_driver_parlio C:/tmp/esp-idf-5.5.1/components/esp_driver_pcnt C:/tmp/esp-idf-5.5.1/components/esp_driver_ppa C:/tmp/esp-idf-5.5.1/components/esp_driver_rmt C:/tmp/esp-idf-5.5.1/components/esp_driver_sdio C:/tmp/esp-idf-5.5.1/components/esp_driver_sdm C:/tmp/esp-idf-5.5.1/components/esp_driver_sdmmc C:/tmp/esp-idf-5.5.1/components/esp_driver_sdspi C:/tmp/esp-idf-5.5.1/components/esp_driver_spi C:/tmp/esp-idf-5.5.1/components/esp_driver_touch_sens C:/tmp/esp-idf-5.5.1/components/esp_driver_tsens C:/tmp/esp-idf-5.5.1/components/esp_driver_twai C:/tmp/esp-idf-5.5.1/components/esp_driver_uart C:/tmp/esp-idf-5.5.1/components/esp_driver_usb_serial_jtag C:/tmp/esp-idf-5.5.1/components/esp_eth C:/tmp/esp-idf-5.5.1/components/esp_event C:/tmp/esp-idf-5.5.1/components/esp_gdbstub C:/tmp/esp-idf-5.5.1/components/esp_hal_ieee802154 C:/tmp/esp-idf-5.5.1/components/esp_hid C:/tmp/esp-idf-5.5.1/components/esp_http_client C:/tmp/esp-idf-5.5.1/components/esp_http_server C:/tmp/esp-idf-5.5.1/components/esp_https_ota C:/tmp/esp-idf-5.5.1/components/esp_https_server C:/tmp/esp-idf-5.5.1/components/esp_hw_support C:/tmp/esp-idf-5.5.1/components/esp_lcd C:/tmp/esp-idf-5.5.1/components/esp_local_ctrl C:/tmp/esp-idf-5.5.1/components/esp_mm C:/tmp/esp-idf-5.5.1/components/esp_netif C:/tmp/esp-idf-5.5.1/components/esp_netif_stack C:/tmp/esp-idf-5.5.1/components/esp_partition C:/tmp/esp-idf-5.5.1/components/esp_phy C:/tmp/esp-idf-5.5.1/components/esp_pm C:/tmp/esp-idf-5.5.1/components/esp_psram C:/tmp/esp-idf-5.5.1/components/esp_ringbuf C:/tmp/esp-idf-5.5.1/components/esp_rom C:/tmp/esp-idf-5.5.1/components/esp_security C:/tmp/esp-idf-5.5.1/components/esp_system C:/tmp/esp-idf-5.5.1/components/esp_timer C:/tmp/esp-idf-5.5.1/components/esp_vfs_console C:/tmp/esp-idf-5.5.1/components/esp_wifi C:/tmp/esp-idf-5.5.1/components/espcoredump E:/Projects/wireless-ir-mocap/firmware/ftm_clocksync/managed_components/espressif__cmake_utilities E:/Projects/wireless-ir-mocap/firmware/ftm_clocksync/managed_components/espressif__esp32-camera E:/Projects/wireless-ir-mocap/firmware/ftm_clocksync/managed_components/espressif__esp_jpeg E:/Projects/wireless-ir-mocap/firmware/ftm_clocksync/managed_components/espressif__tinyusb C:/tmp/esp-idf-5.5.1/components/esptool_py C:/tmp/esp-idf-5.5.1/components/fatfs C:/tmp/esp-idf-5.5.1/components/freertos C:/tmp/esp-idf-5.5.1/components/hal C:/tmp/esp-idf-5.5.1/components/heap C:/tmp/esp-idf-5.5.1/components/http_parser C:/tmp/esp-idf-5.5.1/components/idf_test C:/tmp/esp-idf-5.5.1/components/ieee802154 C:/tmp/esp-idf-5.5.1/components/json C:/tmp/esp-idf-5.5.1/components/log C:/tmp/esp-idf-5.5.1/components/lwip E:/Projects/wireless-ir-mocap/firmware/ftm_clocksync/main C:/tmp/esp-idf-5.5.1/components/mbedtls C:/tmp/esp-idf-5.5.1/components/mqtt C:/tmp/esp-idf-5.5.1/components/newlib C:/tmp/esp-idf-5.5.1/components/nvs_flash C:/tmp/esp-idf-5.5.1/components/nvs_sec_provider C:/tmp/esp-idf-5.5.1/components/openthread C:/tmp/esp-idf-5.5.1/components/partition_table C:/tmp/esp-idf-5.5.1/components/perfmon C:/tmp/esp-idf-5.5.1/components/protobuf-c C:/tmp/esp-idf-5.5.1/components/protocomm C:/tmp/esp-idf-5.5.1/components/pthread C:/tmp/esp-idf-5.5.1/components/rt C:/tmp/esp-idf-5.5.1/components/sdmmc C:/tmp/esp-idf-5.5.1/components/soc C:/tmp/esp-idf-5.5.1/components/spi_flash C:/tmp/esp-idf-5.5.1/components/spiffs C:/tmp/esp-idf-5.5.1/components/tcp_transport C:/tmp/esp-idf-5.5.1/components/touch_element C:/tmp/esp-idf-5.5.1/components/ulp C:/tmp/esp-idf-5.5.1/components/unity C:/tmp/esp-idf-5.5.1/components/usb E:/Projects/wireless-ir-mocap/firmware/ftm_clocksync/components/usb_device_uvc C:/tmp/esp-idf-5.5.1/components/vfs C:/tmp/esp-idf-5.5.1/components/wear_levelling C:/tmp/esp-idf-5.5.1/components/wifi_provisioning C:/tmp/esp-idf-5.5.1/components/wpa_supplicant C:/tmp/esp-idf-5.5.1/components/xtensa
-- Configuring done (46.8s)
-- Generating done (5.4s)
-- Build files have been written to: E:/Projects/wireless-ir-mocap/firmware/ftm_clocksync/build-perf
ninja: Entering directory `build-perf'
[1/10] Building C object esp-idf/main/CMakeFiles/__idf_main.dir/strobe_gpio.c.obj
[2/10] Building C object esp-idf/main/CMakeFiles/__idf_main.dir/simple_ntp.c.obj
[3/10] Linking C static library esp-idf\main\libmain.a
[4/10] Generating esp-idf/esp_system/ld/sections.ld
[5/10] Linking CXX executable ftm_clocksync.elf
[6/10] Performing build step for 'bootloader'
[1/1] C:\Windows\system32\cmd.exe /C "cd /D E:\Projects\wireless-ir-mocap\firmware\ftm_clocksync\build-perf\bootloader\esp-idf\esptool_py && C:\Users\raisa\.espressif\python_env\idf5.5_py3.12_env\Scripts\python.exe C:/tmp/esp-idf-5.5.1/components/partition_table/check_sizes.py --offset 0x8000 bootloader 0x0 E:/Projects/wireless-ir-mocap/firmware/ftm_clocksync/build-perf/bootloader/bootloader.bin"

Bootloader binary size 0x4ca0 bytes. 0x3360 bytes (40%) free.


[7/10] No install step for 'bootloader'
[8/10] Generating binary image from built executable
esptool.py v4.12.0

Creating esp32s3 image...

Merged 2 ELF sections

Successfully created esp32s3 image.

Generated E:/Projects/wireless-ir-mocap/firmware/ftm_clocksync/build-perf/ftm_clocksync.bin
[9/10] Completed 'bootloader'
[10/10] C:\Windows\system32\cmd.exe /C "cd /D E:\Projects\wireless-ir-mocap\firmware\ftm_clocksync\build-perf\esp-idf\esptool_py && C:\Users\raisa\.espressif\python_env\idf5.5_py3.12_env\Scripts\python.exe C:/tmp/esp-idf-5.5.1/components/partition_table/check_sizes.py --offset 0x8000 partition --type app E:/Projects/wireless-ir-mocap/firmware/ftm_clocksync/build-perf/partition_table/partition-table.bin E:/Projects/wireless-ir-mocap/firmware/ftm_clocksync/build-perf/ftm_clocksync.bin"
ftm_clocksync.bin binary size 0x105670 bytes. Smallest app partition is 0x400000 bytes. 0x2fa990 bytes (74%) free.


[build_flash] done.
 Build dir: build-perf\
 To flash:      tools\build_flash.bat flash COM6 COM7
 Assign IDs:    ftmcs> node_id N  (unique per board) then ftmcs> restart
